Splay Tree execution time (ms): 99.147
AA Tree execution time (ms): 126.026
